[quizizz.quizit.online/index.html]
[backblue.gif]
[fade.gif]
[index.html]
[quizizz.quizit.online/icon.png]
[quizizz.quizit.online/_nuxt/icons/icon_64x64.d26407.png]
[quizizz.quizit.online/_nuxt/icons/icon_512x512.d26407.png]
[quizizz.quizit.online/_nuxt/manifest.32d6ea91.json]
[pagead2.googlesyndication.com/pagead/js/f8e0c.txt]
[quizizz.quizit.online/_nuxt/9051278.js]
[quizizz.quizit.online/_nuxt/603b233.js]
[quizizz.quizit.online/_nuxt/35ef5d4.js]
[quizizz.quizit.online/_nuxt/861854c.js]
[quizizz.quizit.online/_nuxt/ed3ccfc.js]
[quizizz.quizit.online/_nuxt/d80fac8.js]
[quizizz.quizit.online/_nuxt/fonts/material-icons.5c378c8.woff2]
[quizizz.quizit.online/_nuxt/fonts/material-icons.be89ef9.woff]
[quizizz.quizit.online/_nuxt/fonts/material-icons-outlined.2c2c597.woff2]
[quizizz.quizit.online/_nuxt/fonts/material-icons-outlined.dc6a81e.woff]
[quizizz.quizit.online/_nuxt/fonts/material-icons-round.7bff7ac.woff2]
[quizizz.quizit.online/_nuxt/fonts/material-icons-sharp.6050e66.woff2]
[quizizz.quizit.online/_nuxt/fonts/material-icons-round.86dd585.woff]
[quizizz.quizit.online/_nuxt/fonts/material-icons-sharp.e224dda.woff]
[quizizz.quizit.online/_nuxt/fonts/material-icons-two-tone.d2620d9.woff2]
[quizizz.quizit.online/_nuxt/fonts/material-icons-two-tone.c4f0f97.woff]
[quizizz.quizit.online/_nuxt/static/1642195769/state.js]
[quizizz.quizit.online/_nuxt/static/1642195769/payload.js]
[quizizz.quizit.online/_nuxt/static/1642195769/manifest.js]
[quizizz.quizit.online/index.html]
[quizizz.quizit.online/login/index.html]
[quizizz.quizit.online/pin/index.html]
